{
  "data": {
    "persons": {
      "nodes": [
        {
          "name": "Luke Skywalker"
        },
        {
          "name": "Darth Vader"
        }
      ]
    }
  }
}
